<?xml version="1.0" encoding="UTF-8"?>
<testsuites name="Mocha Tests" time="0.021" tests="61" failures="61">
  <testsuite name="Root Suite" timestamp="2024-11-11T11:36:24" tests="0" time="0.000" failures="0">
  </testsuite>
  <testsuite name="diffElems.js" timestamp="2024-11-11T11:36:24" tests="6" file="C:\Users\Herman Simanchuk\Documents\Hometask-JS\js-ts-tasks\test\index.js" time="0.005" failures="6">
    <testcase name="diffElems.js should return &quot;4&quot;" time="0.000" classname="should return &quot;4&quot;">
      <failure message="Not implemented" type="Error"><![CDATA[Error: Not implemented
    at diffElems (src\diffElems.js:7:9)
    at Context.<anonymous> (test\index.js:23:27)
    at process.processImmediate (node:internal/timers:483:21)]]></failure>
    </testcase>
    <testcase name="diffElems.js should return &quot;6&quot;" time="0.000" classname="should return &quot;6&quot;">
      <failure message="Not implemented" type="Error"><![CDATA[Error: Not implemented
    at diffElems (src\diffElems.js:7:9)
    at Context.<anonymous> (test\index.js:23:27)
    at process.processImmediate (node:internal/timers:483:21)]]></failure>
    </testcase>
    <testcase name="diffElems.js should return &quot;6&quot;" time="0.000" classname="should return &quot;6&quot;">
      <failure message="Not implemented" type="Error"><![CDATA[Error: Not implemented
    at diffElems (src\diffElems.js:7:9)
    at Context.<anonymous> (test\index.js:23:27)
    at process.processImmediate (node:internal/timers:483:21)]]></failure>
    </testcase>
    <testcase name="diffElems.js should return &quot;6&quot;" time="0.000" classname="should return &quot;6&quot;">
      <failure message="Not implemented" type="Error"><![CDATA[Error: Not implemented
    at diffElems (src\diffElems.js:7:9)
    at Context.<anonymous> (test\index.js:23:27)
    at process.processImmediate (node:internal/timers:483:21)]]></failure>
    </testcase>
    <testcase name="diffElems.js should return &quot;4&quot;" time="0.000" classname="should return &quot;4&quot;">
      <failure message="Not implemented" type="Error"><![CDATA[Error: Not implemented
    at diffElems (src\diffElems.js:7:9)
    at Context.<anonymous> (test\index.js:23:27)
    at process.processImmediate (node:internal/timers:483:21)]]></failure>
    </testcase>
    <testcase name="diffElems.js should return &quot;1&quot;" time="0.000" classname="should return &quot;1&quot;">
      <failure message="Not implemented" type="Error"><![CDATA[Error: Not implemented
    at diffElems (src\diffElems.js:7:9)
    at Context.<anonymous> (test\index.js:23:27)
    at process.processImmediate (node:internal/timers:483:21)]]></failure>
    </testcase>
  </testsuite>
  <testsuite name="getDistance.js" timestamp="2024-11-11T11:36:24" tests="7" file="C:\Users\Herman Simanchuk\Documents\Hometask-JS\js-ts-tasks\test\index.js" time="0.002" failures="7">
    <testcase name="getDistance.js should return &quot;1.41&quot;" time="0.000" classname="should return &quot;1.41&quot;">
      <failure message="Not implemented" type="Error"><![CDATA[Error: Not implemented
    at getDistance (src\getDistance.js:10:9)
    at Context.<anonymous> (test\index.js:23:27)
    at process.processImmediate (node:internal/timers:483:21)]]></failure>
    </testcase>
    <testcase name="getDistance.js should return &quot;14.14&quot;" time="0.000" classname="should return &quot;14.14&quot;">
      <failure message="Not implemented" type="Error"><![CDATA[Error: Not implemented
    at getDistance (src\getDistance.js:10:9)
    at Context.<anonymous> (test\index.js:23:27)
    at process.processImmediate (node:internal/timers:483:21)]]></failure>
    </testcase>
    <testcase name="getDistance.js should return &quot;7.07&quot;" time="0.000" classname="should return &quot;7.07&quot;">
      <failure message="Not implemented" type="Error"><![CDATA[Error: Not implemented
    at getDistance (src\getDistance.js:10:9)
    at Context.<anonymous> (test\index.js:23:27)
    at process.processImmediate (node:internal/timers:483:21)]]></failure>
    </testcase>
    <testcase name="getDistance.js should return &quot;87.92&quot;" time="0.000" classname="should return &quot;87.92&quot;">
      <failure message="Not implemented" type="Error"><![CDATA[Error: Not implemented
    at getDistance (src\getDistance.js:10:9)
    at Context.<anonymous> (test\index.js:23:27)
    at process.processImmediate (node:internal/timers:483:21)]]></failure>
    </testcase>
    <testcase name="getDistance.js should return &quot;0&quot;" time="0.000" classname="should return &quot;0&quot;">
      <failure message="Not implemented" type="Error"><![CDATA[Error: Not implemented
    at getDistance (src\getDistance.js:10:9)
    at Context.<anonymous> (test\index.js:23:27)
    at process.processImmediate (node:internal/timers:483:21)]]></failure>
    </testcase>
    <testcase name="getDistance.js should return &quot;0.59&quot;" time="0.000" classname="should return &quot;0.59&quot;">
      <failure message="Not implemented" type="Error"><![CDATA[Error: Not implemented
    at getDistance (src\getDistance.js:10:9)
    at Context.<anonymous> (test\index.js:23:27)
    at process.processImmediate (node:internal/timers:483:21)]]></failure>
    </testcase>
    <testcase name="getDistance.js should return &quot;258.62&quot;" time="0.000" classname="should return &quot;258.62&quot;">
      <failure message="Not implemented" type="Error"><![CDATA[Error: Not implemented
    at getDistance (src\getDistance.js:10:9)
    at Context.<anonymous> (test\index.js:23:27)
    at process.processImmediate (node:internal/timers:483:21)]]></failure>
    </testcase>
  </testsuite>
  <testsuite name="getMaximalSequence.js" timestamp="2024-11-11T11:36:24" tests="7" file="C:\Users\Herman Simanchuk\Documents\Hometask-JS\js-ts-tasks\test\index.js" time="0.002" failures="7">
    <testcase name="getMaximalSequence.js should return &quot;[2,2,2]&quot;" time="0.001" classname="should return &quot;[2,2,2]&quot;">
      <failure message="Not implemented" type="Error"><![CDATA[Error: Not implemented
    at getMaximalSequence (src\getMaximalSequence.js:7:9)
    at Context.<anonymous> (test\index.js:23:27)
    at process.processImmediate (node:internal/timers:483:21)]]></failure>
    </testcase>
    <testcase name="getMaximalSequence.js should return &quot;[2,2,2]&quot;" time="0.000" classname="should return &quot;[2,2,2]&quot;">
      <failure message="Not implemented" type="Error"><![CDATA[Error: Not implemented
    at getMaximalSequence (src\getMaximalSequence.js:7:9)
    at Context.<anonymous> (test\index.js:23:27)
    at process.processImmediate (node:internal/timers:483:21)]]></failure>
    </testcase>
    <testcase name="getMaximalSequence.js should return &quot;[3,3,3,3]&quot;" time="0.000" classname="should return &quot;[3,3,3,3]&quot;">
      <failure message="Not implemented" type="Error"><![CDATA[Error: Not implemented
    at getMaximalSequence (src\getMaximalSequence.js:7:9)
    at Context.<anonymous> (test\index.js:23:27)
    at process.processImmediate (node:internal/timers:483:21)]]></failure>
    </testcase>
    <testcase name="getMaximalSequence.js should return &quot;[-1,-1,-1]&quot;" time="0.000" classname="should return &quot;[-1,-1,-1]&quot;">
      <failure message="Not implemented" type="Error"><![CDATA[Error: Not implemented
    at getMaximalSequence (src\getMaximalSequence.js:7:9)
    at Context.<anonymous> (test\index.js:23:27)
    at process.processImmediate (node:internal/timers:483:21)]]></failure>
    </testcase>
    <testcase name="getMaximalSequence.js should return &quot;[0.11,0.11]&quot;" time="0.000" classname="should return &quot;[0.11,0.11]&quot;">
      <failure message="Not implemented" type="Error"><![CDATA[Error: Not implemented
    at getMaximalSequence (src\getMaximalSequence.js:7:9)
    at Context.<anonymous> (test\index.js:23:27)
    at process.processImmediate (node:internal/timers:483:21)]]></failure>
    </testcase>
    <testcase name="getMaximalSequence.js should return &quot;[5,5]&quot;" time="0.000" classname="should return &quot;[5,5]&quot;">
      <failure message="Not implemented" type="Error"><![CDATA[Error: Not implemented
    at getMaximalSequence (src\getMaximalSequence.js:7:9)
    at Context.<anonymous> (test\index.js:23:27)
    at process.processImmediate (node:internal/timers:483:21)]]></failure>
    </testcase>
    <testcase name="getMaximalSequence.js should return &quot;[0,0,0]&quot;" time="0.000" classname="should return &quot;[0,0,0]&quot;">
      <failure message="Not implemented" type="Error"><![CDATA[Error: Not implemented
    at getMaximalSequence (src\getMaximalSequence.js:7:9)
    at Context.<anonymous> (test\index.js:23:27)
    at process.processImmediate (node:internal/timers:483:21)]]></failure>
    </testcase>
  </testsuite>
  <testsuite name="hasProperty.js" timestamp="2024-11-11T11:36:24" tests="7" file="C:\Users\Herman Simanchuk\Documents\Hometask-JS\js-ts-tasks\test\index.js" time="0.002" failures="7">
    <testcase name="hasProperty.js should return &quot;false&quot;" time="0.001" classname="should return &quot;false&quot;">
      <failure message="Not implemented" type="Error"><![CDATA[Error: Not implemented
    at hasProperty (src\hasProperty.js:8:9)
    at Context.<anonymous> (test\index.js:23:27)
    at process.processImmediate (node:internal/timers:483:21)]]></failure>
    </testcase>
    <testcase name="hasProperty.js should return &quot;true&quot;" time="0.000" classname="should return &quot;true&quot;">
      <failure message="Not implemented" type="Error"><![CDATA[Error: Not implemented
    at hasProperty (src\hasProperty.js:8:9)
    at Context.<anonymous> (test\index.js:23:27)
    at process.processImmediate (node:internal/timers:483:21)]]></failure>
    </testcase>
    <testcase name="hasProperty.js should return &quot;false&quot;" time="0.000" classname="should return &quot;false&quot;">
      <failure message="Not implemented" type="Error"><![CDATA[Error: Not implemented
    at hasProperty (src\hasProperty.js:8:9)
    at Context.<anonymous> (test\index.js:23:27)
    at process.processImmediate (node:internal/timers:483:21)]]></failure>
    </testcase>
    <testcase name="hasProperty.js should return &quot;true&quot;" time="0.000" classname="should return &quot;true&quot;">
      <failure message="Not implemented" type="Error"><![CDATA[Error: Not implemented
    at hasProperty (src\hasProperty.js:8:9)
    at Context.<anonymous> (test\index.js:23:27)
    at process.processImmediate (node:internal/timers:483:21)]]></failure>
    </testcase>
    <testcase name="hasProperty.js should return &quot;false&quot;" time="0.000" classname="should return &quot;false&quot;">
      <failure message="Not implemented" type="Error"><![CDATA[Error: Not implemented
    at hasProperty (src\hasProperty.js:8:9)
    at Context.<anonymous> (test\index.js:23:27)
    at process.processImmediate (node:internal/timers:483:21)]]></failure>
    </testcase>
    <testcase name="hasProperty.js should return &quot;true&quot;" time="0.000" classname="should return &quot;true&quot;">
      <failure message="Not implemented" type="Error"><![CDATA[Error: Not implemented
    at hasProperty (src\hasProperty.js:8:9)
    at Context.<anonymous> (test\index.js:23:27)
    at process.processImmediate (node:internal/timers:483:21)]]></failure>
    </testcase>
    <testcase name="hasProperty.js should return &quot;true&quot;" time="0.000" classname="should return &quot;true&quot;">
      <failure message="Not implemented" type="Error"><![CDATA[Error: Not implemented
    at hasProperty (src\hasProperty.js:8:9)
    at Context.<anonymous> (test\index.js:23:27)
    at process.processImmediate (node:internal/timers:483:21)]]></failure>
    </testcase>
  </testsuite>
  <testsuite name="hundredAfterOdd.js" timestamp="2024-11-11T11:36:24" tests="7" file="C:\Users\Herman Simanchuk\Documents\Hometask-JS\js-ts-tasks\test\index.js" time="0.001" failures="7">
    <testcase name="hundredAfterOdd.js should return &quot;[1,100,2,3,100,4]&quot;" time="0.000" classname="should return &quot;[1,100,2,3,100,4]&quot;">
      <failure message="Not implemented" type="Error"><![CDATA[Error: Not implemented
    at hundredAfterOdd (src\hundredAfterOdd.js:7:9)
    at Context.<anonymous> (test\index.js:23:27)
    at process.processImmediate (node:internal/timers:483:21)]]></failure>
    </testcase>
    <testcase name="hundredAfterOdd.js should return &quot;[2,4,1,100,3,100,456,78,2,2,4]&quot;" time="0.000" classname="should return &quot;[2,4,1,100,3,100,456,78,2,2,4]&quot;">
      <failure message="Not implemented" type="Error"><![CDATA[Error: Not implemented
    at hundredAfterOdd (src\hundredAfterOdd.js:7:9)
    at Context.<anonymous> (test\index.js:23:27)
    at process.processImmediate (node:internal/timers:483:21)]]></failure>
    </testcase>
    <testcase name="hundredAfterOdd.js should return &quot;[1,100,2]&quot;" time="0.000" classname="should return &quot;[1,100,2]&quot;">
      <failure message="Not implemented" type="Error"><![CDATA[Error: Not implemented
    at hundredAfterOdd (src\hundredAfterOdd.js:7:9)
    at Context.<anonymous> (test\index.js:23:27)
    at process.processImmediate (node:internal/timers:483:21)]]></failure>
    </testcase>
    <testcase name="hundredAfterOdd.js should return &quot;[-1,100,1,100,2]&quot;" time="0.000" classname="should return &quot;[-1,100,1,100,2]&quot;">
      <failure message="Not implemented" type="Error"><![CDATA[Error: Not implemented
    at hundredAfterOdd (src\hundredAfterOdd.js:7:9)
    at Context.<anonymous> (test\index.js:23:27)
    at process.processImmediate (node:internal/timers:483:21)]]></failure>
    </testcase>
    <testcase name="hundredAfterOdd.js should return &quot;[4,4,6]&quot;" time="0.000" classname="should return &quot;[4,4,6]&quot;">
      <failure message="Not implemented" type="Error"><![CDATA[Error: Not implemented
    at hundredAfterOdd (src\hundredAfterOdd.js:7:9)
    at Context.<anonymous> (test\index.js:23:27)
    at process.processImmediate (node:internal/timers:483:21)]]></failure>
    </testcase>
    <testcase name="hundredAfterOdd.js should return &quot;[1,100]&quot;" time="0.000" classname="should return &quot;[1,100]&quot;">
      <failure message="Not implemented" type="Error"><![CDATA[Error: Not implemented
    at hundredAfterOdd (src\hundredAfterOdd.js:7:9)
    at Context.<anonymous> (test\index.js:23:27)
    at process.processImmediate (node:internal/timers:483:21)]]></failure>
    </testcase>
    <testcase name="hundredAfterOdd.js should return &quot;[0,0,5,100,100,0]&quot;" time="0.000" classname="should return &quot;[0,0,5,100,100,0]&quot;">
      <failure message="Not implemented" type="Error"><![CDATA[Error: Not implemented
    at hundredAfterOdd (src\hundredAfterOdd.js:7:9)
    at Context.<anonymous> (test\index.js:23:27)
    at process.processImmediate (node:internal/timers:483:21)]]></failure>
    </testcase>
  </testsuite>
  <testsuite name="maxCommonSub.js" timestamp="2024-11-11T11:36:24" tests="7" file="C:\Users\Herman Simanchuk\Documents\Hometask-JS\js-ts-tasks\test\index.js" time="0.001" failures="7">
    <testcase name="maxCommonSub.js should return &quot;&quot;gabcdef&quot;&quot;" time="0.000" classname="should return &quot;&quot;gabcdef&quot;&quot;">
      <failure message="Not implemented" type="Error"><![CDATA[Error: Not implemented
    at maxCommonSub (src\maxCommonSub.js:12:9)
    at Context.<anonymous> (test\index.js:23:27)
    at process.processImmediate (node:internal/timers:483:21)]]></failure>
    </testcase>
    <testcase name="maxCommonSub.js should return &quot;&quot;abc&quot;&quot;" time="0.000" classname="should return &quot;&quot;abc&quot;&quot;">
      <failure message="Not implemented" type="Error"><![CDATA[Error: Not implemented
    at maxCommonSub (src\maxCommonSub.js:12:9)
    at Context.<anonymous> (test\index.js:23:27)
    at process.processImmediate (node:internal/timers:483:21)]]></failure>
    </testcase>
    <testcase name="maxCommonSub.js should return &quot;&quot;e&quot;&quot;" time="0.000" classname="should return &quot;&quot;e&quot;&quot;">
      <failure message="Not implemented" type="Error"><![CDATA[Error: Not implemented
    at maxCommonSub (src\maxCommonSub.js:12:9)
    at Context.<anonymous> (test\index.js:23:27)
    at process.processImmediate (node:internal/timers:483:21)]]></failure>
    </testcase>
    <testcase name="maxCommonSub.js should return &quot;&quot;q&quot;&quot;" time="0.000" classname="should return &quot;&quot;q&quot;&quot;">
      <failure message="Not implemented" type="Error"><![CDATA[Error: Not implemented
    at maxCommonSub (src\maxCommonSub.js:12:9)
    at Context.<anonymous> (test\index.js:23:27)
    at process.processImmediate (node:internal/timers:483:21)]]></failure>
    </testcase>
    <testcase name="maxCommonSub.js should return &quot;&quot;asdfghjkl&quot;&quot;" time="0.000" classname="should return &quot;&quot;asdfghjkl&quot;&quot;">
      <failure message="Not implemented" type="Error"><![CDATA[Error: Not implemented
    at maxCommonSub (src\maxCommonSub.js:12:9)
    at Context.<anonymous> (test\index.js:23:27)
    at process.processImmediate (node:internal/timers:483:21)]]></failure>
    </testcase>
    <testcase name="maxCommonSub.js should return &quot;&quot;44444&quot;&quot;" time="0.000" classname="should return &quot;&quot;44444&quot;&quot;">
      <failure message="Not implemented" type="Error"><![CDATA[Error: Not implemented
    at maxCommonSub (src\maxCommonSub.js:12:9)
    at Context.<anonymous> (test\index.js:23:27)
    at process.processImmediate (node:internal/timers:483:21)]]></failure>
    </testcase>
    <testcase name="maxCommonSub.js should return &quot;&quot;qwerzxcvtyuiopbnm&quot;&quot;" time="0.000" classname="should return &quot;&quot;qwerzxcvtyuiopbnm&quot;&quot;">
      <failure message="Not implemented" type="Error"><![CDATA[Error: Not implemented
    at maxCommonSub (src\maxCommonSub.js:12:9)
    at Context.<anonymous> (test\index.js:23:27)
    at process.processImmediate (node:internal/timers:483:21)]]></failure>
    </testcase>
  </testsuite>
  <testsuite name="partialSum.js" timestamp="2024-11-11T11:36:24" tests="7" file="C:\Users\Herman Simanchuk\Documents\Hometask-JS\js-ts-tasks\test\index.js" time="0.001" failures="7">
    <testcase name="partialSum.js should return &quot;[0,1,3,6,10]&quot;" time="0.000" classname="should return &quot;[0,1,3,6,10]&quot;">
      <failure message="Not implemented" type="Error"><![CDATA[Error: Not implemented
    at partialSum (src\partialSum.js:15:9)
    at Context.<anonymous> (test\index.js:23:27)
    at process.processImmediate (node:internal/timers:483:21)]]></failure>
    </testcase>
    <testcase name="partialSum.js should return &quot;[1,4,460,538,540,542,546]&quot;" time="0.000" classname="should return &quot;[1,4,460,538,540,542,546]&quot;">
      <failure message="Not implemented" type="Error"><![CDATA[Error: Not implemented
    at partialSum (src\partialSum.js:15:9)
    at Context.<anonymous> (test\index.js:23:27)
    at process.processImmediate (node:internal/timers:483:21)]]></failure>
    </testcase>
    <testcase name="partialSum.js should return &quot;[0,1,1,3,3,6]&quot;" time="0.000" classname="should return &quot;[0,1,1,3,3,6]&quot;">
      <failure message="Not implemented" type="Error"><![CDATA[Error: Not implemented
    at partialSum (src\partialSum.js:15:9)
    at Context.<anonymous> (test\index.js:23:27)
    at process.processImmediate (node:internal/timers:483:21)]]></failure>
    </testcase>
    <testcase name="partialSum.js should return &quot;[0,0]&quot;" time="0.000" classname="should return &quot;[0,0]&quot;">
      <failure message="Not implemented" type="Error"><![CDATA[Error: Not implemented
    at partialSum (src\partialSum.js:15:9)
    at Context.<anonymous> (test\index.js:23:27)
    at process.processImmediate (node:internal/timers:483:21)]]></failure>
    </testcase>
    <testcase name="partialSum.js should return &quot;[-1,-1,0]&quot;" time="0.000" classname="should return &quot;[-1,-1,0]&quot;">
      <failure message="Not implemented" type="Error"><![CDATA[Error: Not implemented
    at partialSum (src\partialSum.js:15:9)
    at Context.<anonymous> (test\index.js:23:27)
    at process.processImmediate (node:internal/timers:483:21)]]></failure>
    </testcase>
    <testcase name="partialSum.js should return &quot;[0.1,0,0.1,0]&quot;" time="0.000" classname="should return &quot;[0.1,0,0.1,0]&quot;">
      <failure message="Not implemented" type="Error"><![CDATA[Error: Not implemented
    at partialSum (src\partialSum.js:15:9)
    at Context.<anonymous> (test\index.js:23:27)
    at process.processImmediate (node:internal/timers:483:21)]]></failure>
    </testcase>
    <testcase name="partialSum.js should return &quot;[-123,0,1,3,6,9,11,12]&quot;" time="0.000" classname="should return &quot;[-123,0,1,3,6,9,11,12]&quot;">
      <failure message="Not implemented" type="Error"><![CDATA[Error: Not implemented
    at partialSum (src\partialSum.js:15:9)
    at Context.<anonymous> (test\index.js:23:27)
    at process.processImmediate (node:internal/timers:483:21)]]></failure>
    </testcase>
  </testsuite>
  <testsuite name="removeItems.js" timestamp="2024-11-11T11:36:24" tests="8" file="C:\Users\Herman Simanchuk\Documents\Hometask-JS\js-ts-tasks\test\index.js" time="0.003" failures="8">
    <testcase name="removeItems.js should return &quot;[1,3,456,78,4]&quot;" time="0.000" classname="should return &quot;[1,3,456,78,4]&quot;">
      <failure message="Not implemented" type="Error"><![CDATA[Error: Not implemented
    at removeItems (src\removeItems.js:8:9)
    at Context.<anonymous> (test\index.js:23:27)
    at process.processImmediate (node:internal/timers:483:21)]]></failure>
    </testcase>
    <testcase name="removeItems.js should return &quot;[1,3,456,78,2,2,4]&quot;" time="0.000" classname="should return &quot;[1,3,456,78,2,2,4]&quot;">
      <failure message="Not implemented" type="Error"><![CDATA[Error: Not implemented
    at removeItems (src\removeItems.js:8:9)
    at Context.<anonymous> (test\index.js:23:27)
    at process.processImmediate (node:internal/timers:483:21)]]></failure>
    </testcase>
    <testcase name="removeItems.js should return &quot;[&quot;a&quot;,&quot;b&quot;,&quot;d&quot;,&quot;e&quot;]&quot;" time="0.000" classname="should return &quot;[&quot;a&quot;,&quot;b&quot;,&quot;d&quot;,&quot;e&quot;]&quot;">
      <failure message="Not implemented" type="Error"><![CDATA[Error: Not implemented
    at removeItems (src\removeItems.js:8:9)
    at Context.<anonymous> (test\index.js:23:27)
    at process.processImmediate (node:internal/timers:483:21)]]></failure>
    </testcase>
    <testcase name="removeItems.js should return &quot;[34,23,&quot;Some long name&quot;]&quot;" time="0.001" classname="should return &quot;[34,23,&quot;Some long name&quot;]&quot;">
      <failure message="Not implemented" type="Error"><![CDATA[Error: Not implemented
    at removeItems (src\removeItems.js:8:9)
    at Context.<anonymous> (test\index.js:23:27)
    at process.processImmediate (node:internal/timers:483:21)]]></failure>
    </testcase>
    <testcase name="removeItems.js should return &quot;[34,23,&quot;Some long name&quot;]&quot;" time="0.000" classname="should return &quot;[34,23,&quot;Some long name&quot;]&quot;">
      <failure message="Not implemented" type="Error"><![CDATA[Error: Not implemented
    at removeItems (src\removeItems.js:8:9)
    at Context.<anonymous> (test\index.js:23:27)
    at process.processImmediate (node:internal/timers:483:21)]]></failure>
    </testcase>
    <testcase name="removeItems.js should return &quot;[false]&quot;" time="0.000" classname="should return &quot;[false]&quot;">
      <failure message="Not implemented" type="Error"><![CDATA[Error: Not implemented
    at removeItems (src\removeItems.js:8:9)
    at Context.<anonymous> (test\index.js:23:27)
    at process.processImmediate (node:internal/timers:483:21)]]></failure>
    </testcase>
    <testcase name="removeItems.js should return &quot;[{&quot;a&quot;:1,&quot;b&quot;:true},{&quot;a&quot;:2,&quot;b&quot;:false}]&quot;" time="0.000" classname="should return &quot;[{&quot;a&quot;:1,&quot;b&quot;:true},{&quot;a&quot;:2,&quot;b&quot;:false}]&quot;">
      <failure message="Not implemented" type="Error"><![CDATA[Error: Not implemented
    at removeItems (src\removeItems.js:8:9)
    at Context.<anonymous> (test\index.js:23:27)
    at process.processImmediate (node:internal/timers:483:21)]]></failure>
    </testcase>
    <testcase name="removeItems.js should return &quot;[[0],[0,1,2]]&quot;" time="0.000" classname="should return &quot;[[0],[0,1,2]]&quot;">
      <failure message="Not implemented" type="Error"><![CDATA[Error: Not implemented
    at removeItems (src\removeItems.js:8:9)
    at Context.<anonymous> (test\index.js:23:27)
    at process.processImmediate (node:internal/timers:483:21)]]></failure>
    </testcase>
  </testsuite>
  <testsuite name="replacement.js" timestamp="2024-11-11T11:36:24" tests="5" file="C:\Users\Herman Simanchuk\Documents\Hometask-JS\js-ts-tasks\test\index.js" time="0.001" failures="5">
    <testcase name="replacement.js should return &quot;[1,1,3,2,1,1,1]&quot;" time="0.000" classname="should return &quot;[1,1,3,2,1,1,1]&quot;">
      <failure message="Not implemented" type="Error"><![CDATA[Error: Not implemented
    at replacement (src\replacement.js:11:9)
    at Context.<anonymous> (test\index.js:23:27)
    at process.processImmediate (node:internal/timers:483:21)]]></failure>
    </testcase>
    <testcase name="replacement.js should return &quot;[3,1,1,4]&quot;" time="0.000" classname="should return &quot;[3,1,1,4]&quot;">
      <failure message="Not implemented" type="Error"><![CDATA[Error: Not implemented
    at replacement (src\replacement.js:11:9)
    at Context.<anonymous> (test\index.js:23:27)
    at process.processImmediate (node:internal/timers:483:21)]]></failure>
    </testcase>
    <testcase name="replacement.js should return &quot;[1,1,1,2]&quot;" time="0.001" classname="should return &quot;[1,1,1,2]&quot;">
      <failure message="Not implemented" type="Error"><![CDATA[Error: Not implemented
    at replacement (src\replacement.js:11:9)
    at Context.<anonymous> (test\index.js:23:27)
    at process.processImmediate (node:internal/timers:483:21)]]></failure>
    </testcase>
    <testcase name="replacement.js should return &quot;[1,1,1,1,1,1,1]&quot;" time="0.000" classname="should return &quot;[1,1,1,1,1,1,1]&quot;">
      <failure message="Not implemented" type="Error"><![CDATA[Error: Not implemented
    at replacement (src\replacement.js:11:9)
    at Context.<anonymous> (test\index.js:23:27)
    at process.processImmediate (node:internal/timers:483:21)]]></failure>
    </testcase>
    <testcase name="replacement.js should return &quot;[4,3,3,2,2,1,1,1,1]&quot;" time="0.000" classname="should return &quot;[4,3,3,2,2,1,1,1,1]&quot;">
      <failure message="Not implemented" type="Error"><![CDATA[Error: Not implemented
    at replacement (src\replacement.js:11:9)
    at Context.<anonymous> (test\index.js:23:27)
    at process.processImmediate (node:internal/timers:483:21)]]></failure>
    </testcase>
  </testsuite>
</testsuites>